// Jest Snapshot v1, https://goo.gl/fbAQLP

exports[`Team Teamのスナップショット 1`] = `
<DocumentFragment>
  <article
    class="article"
  >
    <header
      class="header"
    >
      <h1>
        Pick Your Team
      </h1>
    </header>
    <div
      class="body"
    >
      <div>
        <ul
          class="list"
        />
        <div
          class="addListItem addForm"
        >
          <input
            class="input"
            placeholder="Your team not on the list?"
            type="text"
            value=""
          />
          <button
            class="button button --basic"
            disabled=""
            type="button"
          >
            <svg
              class="buttonIcon"
              fill="currentColor"
              height="1em"
              stroke="currentColor"
              stroke-width="0"
              viewBox="0 0 24 24"
              width="1em"
              xmlns="http://www.w3.org/2000/svg"
            >
              <g
                fill="none"
              >
                <path
                  d="M0 0h24v24H0z"
                />
                <path
                  d="M0 0h24v24H0z"
                />
              </g>
              <path
                d="M22 9V7h-2v2h-2v2h2v2h2v-2h2V9zM8 12c2.21 0 4-1.79 4-4s-1.79-4-4-4-4 1.79-4 4 1.79 4 4 4zM8 13c-2.67 0-8 1.34-8 4v3h16v-3c0-2.66-5.33-4-8-4zM12.51 4.05C13.43 5.11 14 6.49 14 8s-.57 2.89-1.49 3.95C14.47 11.7 16 10.04 16 8s-1.53-3.7-3.49-3.95zM16.53 13.83C17.42 14.66 18 15.7 18 17v3h2v-3c0-1.45-1.59-2.51-3.47-3.17z"
              />
            </svg>
          </button>
        </div>
        <button
          class="button --basic"
          disabled=""
          type="button"
        >
          (debug) delete team
        </button>
      </div>
    </div>
    <footer
      class="footer"
    >
      <button
        class="button button --basic"
        type="button"
      >
        <svg
          class="buttonIcon"
          fill="currentColor"
          height="1em"
          stroke="currentColor"
          stroke-width="0"
          viewBox="0 0 24 24"
          width="1em"
          xmlns="http://www.w3.org/2000/svg"
        >
          <path
            d="M0 0h24v24H0z"
            fill="none"
          />
          <path
            d="M17.65 6.35A7.958 7.958 0 0012 4c-4.42 0-7.99 3.58-7.99 8s3.57 8 7.99 8c3.73 0 6.84-2.55 7.73-6h-2.08A5.99 5.99 0 0112 18c-3.31 0-6-2.69-6-6s2.69-6 6-6c1.66 0 3.14.69 4.22 1.78L13 11h7V4l-2.35 2.35z"
          />
        </svg>
        Refresh team list
      </button>
      <button
        class="button --basic"
        disabled=""
        type="button"
      >
        join
      </button>
    </footer>
  </article>
</DocumentFragment>
`;
