// Jest Snapshot v1, https://goo.gl/fbAQLP

exports[`EnergyCharge EnergyChargeのスナップショット 1`] = `
<DocumentFragment>
  <article
    class="article"
  >
    <header
      class="header"
    >
      <h1
        class="title"
      >
        あなたは 
        <strong
          class="job"
        >
          <svg
            class="jobIcon"
            fill="currentColor"
            height="1em"
            stroke="currentColor"
            stroke-width="0"
            viewBox="0 0 24 24"
            width="1em"
            xmlns="http://www.w3.org/2000/svg"
          >
            <path
              d="M0 0h24v24H0z"
              fill="none"
            />
            <path
              d="M14.5 11l-3 6v-4h-2l3-6v4h2zM7 1h10c1.1 0 2 .9 2 2v18c0 1.1-.9 2-2 2H7c-1.1 0-2-.9-2-2V3c0-1.1.9-2 2-2zm0 5v12h10V6H7z"
            />
          </svg>
          充電係
        </strong>
         です！
      </h1>
    </header>
    <div
      class="body"
    >
      <div
        class="challengeConsole"
      >
        <div
          class="timeLeftUi "
        >
          <svg
            class="gauge"
            version="1.1"
            viewBox="0 0 66 66"
            xmlns="http://www.w3.org/2000/svg"
          >
            <path
              d="M33,0c-0.6,0-1,0.4-1,1v4c0,0.6,0.4,1,1,1s1-0.4,1-1V1C34,0.4,33.6,0,33,0z M12.5,14.1c0.4,0.4,1,0.4,1.4,0 c0.4-0.4,0.4-1,0-1.4l-2.8-2.8c-0.4-0.4-1-0.4-1.4,0c-0.4,0.4-0.4,1,0,1.4L12.5,14.1z M54.5,9.9l-2.8,2.8c-0.4,0.4-0.4,1,0,1.4 c0.4,0.4,1,0.4,1.4,0l2.8-2.8c0.4-0.4,0.4-1,0-1.4C55.6,9.5,54.9,9.5,54.5,9.9z M12.5,51.9l-2.8,2.8c-0.4,0.4-0.4,1,0,1.4 c0.4,0.4,1,0.4,1.4,0l2.8-2.8c0.4-0.4,0.4-1,0-1.4C13.6,51.5,12.9,51.5,12.5,51.9z M53.1,51.9c-0.4-0.4-1-0.4-1.4,0 c-0.4,0.4-0.4,1,0,1.4l2.8,2.8c0.4,0.4,1,0.4,1.4,0c0.4-0.4,0.4-1,0-1.4L53.1,51.9z M33,60c-0.6,0-1,0.4-1,1v4c0,0.6,0.4,1,1,1 s1-0.4,1-1v-4C34,60.4,33.6,60,33,60z M65,32h-4c-0.6,0-1,0.4-1,1s0.4,1,1,1h4c0.6,0,1-0.4,1-1S65.6,32,65,32z M5,32H1 c-0.6,0-1,0.4-1,1s0.4,1,1,1h4c0.6,0,1-0.4,1-1S5.6,32,5,32z"
              fill="#ffffff"
            />
          </svg>
          <div
            class="progress"
          >
            <span
              class="count"
            >
              30
            </span>
          </div>
        </div>
        <p
          class="genEnergy"
        >
          <svg
            class="genEnergyIcon"
            fill="currentColor"
            height="1em"
            stroke="currentColor"
            stroke-width="0"
            viewBox="0 0 24 24"
            width="1em"
            xmlns="http://www.w3.org/2000/svg"
          >
            <path
              d="M11 21h-1l1-7H7.5c-.58 0-.57-.32-.38-.66.19-.34.05-.08.07-.12C8.48 10.94 10.42 7.54 13 3h1l-1 7h3.5c.49 0 .56.33.47.51l-.07.15C12.96 17.55 11 21 11 21z"
            />
          </svg>
           0
        </p>
      </div>
      <div
        class="ready"
      >
        <p>
          制限時間内に画面を連打してバッテリーを充電してください。
        </p>
        <button
          class="button --basic"
          type="button"
        >
          準備OK はじめる
        </button>
      </div>
    </div>
    <footer
      class="footer"
    >
      <button
        class="button --basic"
        disabled=""
        type="button"
      >
        救助ミッションへ
      </button>
    </footer>
  </article>
</DocumentFragment>
`;
